// Jest Snapshot v1, https://goo.gl/fbAQLP

exports[`404 Page will match snapshot 1`] = `
<div
  className="mt-5 mb-2 container"
>
  <div
    className="mt-5"
  >
    <h2
      className="mt-3"
    >
       4 0 4 !
    </h2>
  </div>
  <button
    className="mt-5 btn btn-light"
    disabled={false}
    type="button"
  >
    <a
      href="/"
      onClick={[Function]}
      style={
        Object {
          "color": "black",
          "textDecoration": "none",
        }
      }
    >
       
      ⬅️ Return
       
    </a>
  </button>
</div>
`;
